
> backend@1.0.0 build
> tsc

src/database/migrations/20260310100000-add-groupfields-to-contacts.ts(7,20): error TS2339: Property 'groupMode' does not exist on type 'object'.
src/database/migrations/20260310100000-add-groupfields-to-contacts.ts(15,20): error TS2339: Property 'groupTag' does not exist on type 'object'.
